A	a.	a
A's	a.'s	a's
AARP	a._a._r._p.	a a r p
ABA	a._b._a.	a b a
ABC	a._b._c.	a b c
ABC's	a._b._c.'s	a b c's
AC	a._c.	a c
ACC	a._c._c.	a c c
ACLU	a._c._l._u.	a c l u
ACLU's	a._c._l._u.'s	a c l u's
ACM	a._c._m.	a c m
AFC	a._f._c.	a f c
AFC's	a._f._c.'s	a f c's
AFCs	a._f._c.s	a f c's
AFL	a._f._l.	a f l
AICPA	a._i._c._p._a.	a i c p a
AIT	a._i._t.	a i t
AJs	a._j.s	a j's
AKC	a._k._c.	a k c
AM	a._m.	a m
AMA	a._m._a.	a m a
AOR	a._o._r.	a o r
AP	a._p.	a p
APA	a._p._a.	a p a
APD	a._p._d.	a p d
APR	a._p._r.	a p r
ARE	a._r._e.	a r e
ARI	a._r._i.	a r i
AST	a._s._t.	a s t
AT	a._t.	a t
ATM	a._t._m.	a t m
ATM's	a._t._m.'s	a t m's
ATS	a._t._s.	a t s
ATs	a._t.s	a t's
AZT	a._z._t.	a z t
B	b.	b
B's	b.'s	b's
BB	b._b.	b b
BBC	b._b._c.	b b c
BBC's	b._b._c.'s	b b c's
BBS	b._b._s.	b b s
BBs	b._b.s	b b's
BEOG	b._e._o._g.	b e o g
BG's	b._g.'s	b g's
BLY	b._l._y.	b l y
BMW	b._m._w.	b m w
BMW's	b._m._w.'s	b m w's
BMWs	b._m._w.s	b m w's
BP	b._p.	b p
BS	b._s.	b s
BSNs	b._s._n.s	b s n's
BU	b._u.	b u
BVD	b._v._d.	b v d
BVI	b._v._i.	b v i
BVR	b._v._r.	b v r
BWI	b._w._i.	b w i
BYU	b._y._u.	b y u
C	c.	c
C's	c.'s	c's
CB	c._b.	c b
CBS	c._b._s.	c b s
CC's	c._c.'s	c c's
CCC	c._c._c.	c c c
CD	c._d.	c d
CD's	c._d.'s	c d's
CDC	c._d._c.	c d c
CDs	c._d.s	c d's
CEO	c._e._o.	c e o
CEOs	c._e._o.s	c e o's
CET	c._e._t.	c e t
CFC	c._f._c.	c f c
CFC's	c._f._c.'s	c f c's
CFCs	c._f._c.s	c f c's
CIA	c._i._a.	c i a
CMU	c._m._u.	c m u
CNBC	c._n._b._c.	c n b c
CNC	c._n._c.	c n c
CNN	c._n._n.	c n n
CNN's	c._n._n.'s	c n n's
CNNN	c._n._n._n.	c n n n
COTR	c._o._t._r.	c o t r
CPA	c._p._a.	c p a
CPA's	c._p._a.'s	c p a's
CPI	c._p._i.	c p i
CPR	c._p._r.	c p r
CPU	c._p._u.	c p u
CRX	c._r._x.	c r x
CSI	c._s._i.	c s i
CV	c._v.	c v
CVC	c._v._c.	c v c
CWA	c._w._a.	c w a
D	d.	d
D's	d.'s	d's
DA	d._a.	d a
DA's	d._a.'s	d a's
DC	d._c.	d c
DC's	d._c.'s	d c's
DFM	d._f._m.	d f m
DFW	d._f._w.	d f w
DIA	d._i._a.	d i a
DIS	d._i._s.	d i s
DISD	d._i._s._d.	d i s d
DJ	d._j.	d j
DJNS	d._j._n._s.	d j n s
DL	d._l.	d l
DMC	d._m._c.	d m c
DMV	d._m._v.	d m v
DMZ	d._m._z.	d m z
DNA	d._n._a.	d n a
DNB	d._n._b.	d n b
DNC	d._n._c.	d n c
DPMA	d._p._m._a.	d p m a
DPW	d._p._w.	d p w
DSP	d._s._p.	d s p
DV	d._v.	d v
DWA	d._w._a.	d w a
DWI	d._w._i.	d w i
DWI's	d._w._i.'s	d w i's
DX	d._x.	d x
E	e.	e
EA	e._a.	e a
EDA	e._d._a.	e d a
EDP	e._d._p.	e d p
EDS	e._d._s.	e d s
EEC	e._e._c.	e e c
EPA	e._p._a.	e p a
ESL	e._s._l.	e s l
ESOL	e._s._o._l.	e s o l
ESPN	e._s._p._n.	e s p n
ET	e._t.	e t
ETR	e._t._r.	e t r
EZ	e._z.	e z
F	f.	f
FA	f._a.	f a
FAA	f._a._a.	f a a
FBI	f._b._i.	f b i
FDA	f._d._a.	f d a
FDIC	f._d._i._c.	f d i c
FFA	f._f._a.	f f a
FHA	f._h._a.	f h a
FICA	f._i._c._a.	f i c a
FM	f._m.	f m
FSLIC	f._s._l._i._c.	f s l i c
FX	f._x.	f x
G	g.	g
GD	g._d.	g d
GED	g._e._d.	g e d
GEDs	g._e._d.s	g e d's
GI	g._i.	g i
GIs	g._i.s	g i's
GL	g._l.	g l
GM	g._m.	g m
GMAC	g._m._a._c.	g m a c
GMC	g._m._c.	g m c
GNK	g._n._k.	g n k
GPA	g._p._a.	g p a
GRE	g._r._e.	g r e
GSI	g._s._i.	g s i
GT	g._t.	g t
GTE	g._t._e.	g t e
GTE's	g._t._e.'s	g t e's
GTI	g._t._i.	g t i
GTO	g._t._o.	g t o
GTRI	g._t._r._i.	g t r i
GTS	g._t._s.	g t s
GTs	g._t.s	g t's
GUIs	g._u._i.s	g u i's
H	h.	h
HBO	h._b._o.	h b o
HDA	h._d._a.	h d a
HDLs	h._d._l.s	h d l's
HDTV	h._d._t._v.	h d t v
HEB	h._e._b.	h e b
HEC	h._e._c.	h e c
HEI	h._e._i.	h e i
HEW	h._e._w.	h e w
HIV	h._i._v.	h i v
HMO	h._m._o.	h m o
HMO's	h._m._o.'s	h m o's
HMOs	h._m._o.s	h m o's
HP	h._p.	h p
HSE	h._s._e.	h s e
HSEN	h._s._e._n.	h s e n
I	i.	i
IB	i._b.	i b
IBM	i._b._m.	i b m
IBM's	i._b._m.'s	i b m's
IBS	i._b._s.	i b s
ID	i._d.	i d
IDMS	i._d._m._s.	i d m s
IE	i._e.	i e
II	i._i.	i i
IN	i._n.	i n
IO	i._o.	i o
IQ	i._q.	i q
IRA	i._r._a.	i r a
IRA's	i._r._a.'s	i r a's
IRAs	i._r._a.s	i r a's
IRS	i._r._s.	i r s
ISDN	i._s._d._n.	i s d n
ITBS	i._t._b._s.	i t b s
IU	i._u.	i u
IV	i._v.	i v
J	j.	j
JC	j._c.	j c
JFK	j._f._k.	j f k
JR	j._r.	j r
K	k.	k
K's	k.'s	k's
KCBI	k._c._b._i.	k c b i
KCRW	k._c._r._w.	k c r w
KERA	k._e._r._a.	k e r a
KGB	k._g._b.	k g b
KGPS	k._g._p._s.	k g p s
KKK	k._k._k.	k k k
KLBJ	k._l._b._j.	k l b j
KLIF	k._l._i._f.	k l i f
KLTY	k._l._t._y.	k l t y
KO	k._o.	k o
KOA	k._o._a.	k o a
KOA's	k._o._a.'s	k o a's
KRA	k._r._a.	k r a
KRLD	k._r._l._d.	k r l d
KSL	k._s._l.	k s l
KVIL	k._v._i._l.	k v i l
L	l.	l
L's	l.'s	l's
LA	l._a.	l a
LA's	l._a.'s	l a's
LB	l._b.	l b
LBJ	l._b._j.	l b j
LC	l._c.	l c
LCD	l._c._d.	l c d
LDLs	l._d._l.s	l d l's
LDS	l._d._s.	l d s
LED	l._e._d.	l e d
LES	l._e._s.	l e s
LL	l._l.	l l
LOA	l._o._a.	l o a
LP	l._p.	l p
LP's	l._p.'s	l p's
LPGA	l._p._g._a.	l p g a
LS	l._s.	l s
LSD	l._s._d.	l s d
LSU	l._s._u.	l s u
LTD	l._t._d.	l t d
LTV	l._t._v.	l t v
LVN	l._v._n.	l v n
LX	l._x.	l x
LXI	l._x._i.	l x i
M	m.	m
M's	m.'s	m's
MC	m._c.	m c
MC's	m._c.'s	m c's
MCC	m._c._c.	m c c
MCI	m._c._i.	m c i
MCI's	m._c._i.'s	m c i's
MCP	m._c._p.	m c p
MD	m._d.	m d
MFA	m._f._a.	m f a
MG	m._g.	m g
MGB	m._g._b.	m g b
MIR	m._i._r.	m i r
MIS	m._i._s.	m i s
MIT	m._i._t.	m i t
MPR	m._p._r.	m p r
MPV	m._p._v.	m p v
MRI	m._r._i.	m r i
MSG	m._s._g.	m s g
MTV	m._t._v.	m t v
MVP	m._v._p.	m v p
N	n.	n
NAACP	n._a._a._c._p.	n a a c p
NBA	n._b._a.	n b a
NBC	n._b._c.	n b c
NC	n._c.	n c
NCAA	n._c._a._a.	n c a a
NCNB	n._c._n._b.	n c n b
NCO	n._c._o.	n c o
NEA	n._e._a.	n e a
NFC	n._f._c.	n f c
NFL	n._f._l.	n f l
NFL's	n._f._l.'s	n f l's
NIC	n._i._c.	n i c
NIH	n._i._h.	n i h
NIT	n._i._t.	n i t
NOX	n._o._x.	n o x
NPR	n._p._r.	n p r
NPR's	n._p._r.'s	n p r's
NRA	n._r._a.	n r a
NRA's	n._r._a.'s	n r a's
NTSC	n._t._s._c.	n t s c
Ns	n.s	n's
O	o.	o
OA	o._a.	o a
OB	o._b.	o b
OBGYN	o._b._g._y._n.	o b g y n
OM	o._m.	o m
OS	o._s.	o s
OT	o._t.	o t
OU	o._u.	o u
OU's	o._u.'s	o u's
P	p.	p
PB	p._b.	p b
PBS	p._b._s.	p b s
PC	p._c.	p c
PC's	p._c.'s	p c's
PCP	p._c._p.	p c p
PCV	p._c._v.	p c v
PCs	p._c.s	p c's
PE	p._e.	p e
PFM	p._f._m.	p f m
PG	p._g.	p g
PG's	p._g.'s	p g's
PGA	p._g._a.	p g a
PGs	p._g.s	p g's
PIE	p._i._e.	p i e
PJ	p._j.	p j
PLO	p._l._o.	p l o
PM	p._m.	p m
POW	p._o._w.	p o w
POW's	p._o._w.'s	p o w's
PPOs	p._p._o.s	p p o's
PR	p._r.	p r
PS	p._s.	p s
PSI	p._s._i.	p s i
PT	p._t.	p t
PTA	p._t._a.	p t a
PTA's	p._t._a.'s	p t a's
PTO	p._t._o.	p t o
PVC	p._v._c.	p v c
PhD	p._h._d.	p h d
PhD's	p._h._d.'s	p h d's
Q	q.	q
QRA	q._r._a.	q r a
R	r.	r
R's	r.'s	r's
RBI	r._b._i.	r b i
RBIs	r._b._i.s	r b i's
RBQ	r._b._q.	r b q
RC	r._c.	r c
RCA	r._c._a.	r c a
REM	r._e._m.	r e m
REO	r._e._o.	r e o
RN	r._n.	r n
RNs	r._n.s	r n's
ROTC	r._o._t._c.	r o t c
RPM	r._p._m.	r p m
RTC	r._t._c.	r t c
RV	r._v.	r v
RVs	r._v.s	r v's
RX	r._x.	r x
Rs	r.s	r's
S	s.	s
SAE	s._a._e.	s a e
SAT	s._a._t.	s a t
SC	s._c.	s c
SDS	s._d._s.	s d s
SE	s._e.	s e
SEPTA	s._e._p._t._a.	s e p t a
SHOs	s._h._o.s	s h o's
SI	s._i.	s i
SMU	s._m._u.	s m u
SPCA	s._p._c._a.	s p c a
SRI	s._r._i.	s r i
ST	s._t.	s t
SX	s._x.	s x
T	t.	t
TA	t._a.	t a
TAC	t._a._c.	t a c
TACB	t._a._c._b.	t a c b
TAs	t._a.s	t a's
TBS	t._b._s.	t b s
TCJC	t._c._j._c.	t c j c
TCU	t._c._u.	t c u
TDY	t._d._y.	t d y
TGI	t._g._i.	t g i
TI	t._i.	t i
TI's	t._i.'s	t i's
TIAA	t._i._a._a.	t i a a
TJ	t._j.	t j
TKO	t._k._o.	t k o
TP	t._p.	t p
TQ	t._q.	t q
TR	t._r.	t r
TRS	t._r._s.	t r s
TRW	t._r._w.	t r w
TV	t._v.	t v
TV's	t._v.'s	t v's
TVs	t._v.s	t v's
TWU	t._w._u.	t w u
U	u.	u
UAB	u._a._b.	u a b
UB	u._b.	u b
UCF	u._c._f.	u c f
UCLA	u._c._l._a.	u c l a
UN	u._n.	u n
UNC	u._n._c.	u n c
UNLV	u._n._l._v.	u n l v
UNLV's	u._n._l._v.'s	u n l v's
UPI	u._p._i.	u p i
UPS	u._p._s.	u p s
US	u._s.	u s
USA	u._s._a.	u s a
USAA	u._s._a._a.	u s a a
USC	u._s._c.	u s c
USFL	u._s._f._l.	u s f l
USO	u._s._o.	u s o
USR	u._s._r.	u s r
USSR	u._s._s._r.	u s s r
USSR's	u._s._s._r.'s	u s s r's
UT	u._t.	u t
UTA	u._t._a.	u t a
UTD	u._t._d.	u t d
UUCP	u._u._c._p.	u u c p
UVA	u._v._a.	u v a
V	v.	v
VA	v._a.	v a
VCR	v._c._r.	v c r
VCR's	v._c._r.'s	v c r's
VCRs	v._c._r.s	v c r's
VCX	v._c._x.	v c x
VDB	v._d._b.	v d b
VGA	v._g._a.	v g a
VH	v._h.	v h
VHS	v._h._s.	v h s
VI	v._i.	v i
VIP	v._i._p.	v i p
VIV	v._i._v.	v i v
VOCs	v._o._c.s	v o c's
VP	v._p.	v p
VPI	v._p._i.	v p i
VPs	v._p.s	v p's
VW	v._w.	v w
VX	v._x.	v x
W	w.	w
WBZ	w._b._z.	w b z
WCBS	w._c._b._s.	w c b s
WF	w._f.	w f
WGST	w._g._s._t.	w g s t
WJ	w._j.	w j
WJLA	w._j._l._a.	w j l a
WPA	w._p._a.	w p a
WR	w._r.	w r
WRR	w._r._r.	w r r
WSB	w._s._b.	w s b
WTT	w._t._t.	w t t
WWAFL	w._w._a._f._l.	w w a f l
WWALF	w._w._a._l._f.	w w a l f
X	x.	x
XJS	x._j._s.	x j s
XT	x._t.	x t
XYZ	x._y._z.	x y z
Y	y.	y
YM	y._m.	y m
YMCA	y._m._c._a.	y m c a
YWCA	y._w._c._a.	y w c a
Z	z.	z
b	b.	b
d's	d.'s	d's
e	e.	e
i	i.	i
l	l.	l
p	p.	p
t	t.	t
u	u.	u
x	x.	x
